/home/roko/Documents/Projects/myactuator/firmware/esp32/include/config.h
/home/roko/Documents/Projects/myactuator/firmware/esp32/include/constants.h
/home/roko/Documents/Projects/myactuator/firmware/esp32/include/types.h
/home/roko/Documents/Projects/myactuator/firmware/esp32/.pio/build/esp32/bootloader.bin
/home/roko/Documents/Projects/myactuator/firmware/esp32/.pio/build/esp32c3/bootloader.bin
/home/roko/Documents/Projects/myactuator/firmware/esp32/.pio/build/esp32c3/FrameworkArduino/base64.cpp.d
/home/roko/Documents/Projects/myactuator/firmware/esp32/.pio/build/esp32c3/FrameworkArduino/base64.cpp.o
/home/roko/Documents/Projects/myactuator/firmware/esp32/.pio/build/esp32c3/FrameworkArduino/cbuf.cpp.d
/home/roko/Documents/Projects/myactuator/firmware/esp32/.pio/build/esp32c3/FrameworkArduino/cbuf.cpp.o
/home/roko/Documents/Projects/myactuator/firmware/esp32/.pio/build/esp32c3/FrameworkArduino/Esp.cpp.d
/home/roko/Documents/Projects/myactuator/firmware/esp32/.pio/build/esp32c3/FrameworkArduino/Esp.cpp.o
/home/roko/Documents/Projects/myactuator/firmware/esp32/.pio/build/esp32c3/FrameworkArduino/FirmwareMSC.cpp.d
/home/roko/Documents/Projects/myactuator/firmware/esp32/.pio/build/esp32c3/FrameworkArduino/FirmwareMSC.cpp.o
/home/roko/Documents/Projects/myactuator/firmware/esp32/.pio/build/esp32c3/FrameworkArduino/FunctionalInterrupt.cpp.d
/home/roko/Documents/Projects/myactuator/firmware/esp32/.pio/build/esp32c3/FrameworkArduino/FunctionalInterrupt.cpp.o
/home/roko/Documents/Projects/myactuator/firmware/esp32/.pio/build/esp32c3/FrameworkArduino/HardwareSerial.cpp.d
/home/roko/Documents/Projects/myactuator/firmware/esp32/.pio/build/esp32c3/FrameworkArduino/HardwareSerial.cpp.o
/home/roko/Documents/Projects/myactuator/firmware/esp32/.pio/build/esp32c3/FrameworkArduino/HWCDC.cpp.d
/home/roko/Documents/Projects/myactuator/firmware/esp32/.pio/build/esp32c3/FrameworkArduino/HWCDC.cpp.o
/home/roko/Documents/Projects/myactuator/firmware/esp32/.pio/build/esp32c3/FrameworkArduino/IPAddress.cpp.d
/home/roko/Documents/Projects/myactuator/firmware/esp32/.pio/build/esp32c3/FrameworkArduino/IPAddress.cpp.o
/home/roko/Documents/Projects/myactuator/firmware/esp32/.pio/build/esp32c3/FrameworkArduino/IPv6Address.cpp.d
/home/roko/Documents/Projects/myactuator/firmware/esp32/.pio/build/esp32c3/FrameworkArduino/IPv6Address.cpp.o
/home/roko/Documents/Projects/myactuator/firmware/esp32/.pio/build/esp32c3/FrameworkArduino/MD5Builder.cpp.d
/home/roko/Documents/Projects/myactuator/firmware/esp32/.pio/build/esp32c3/FrameworkArduino/MD5Builder.cpp.o
/home/roko/Documents/Projects/myactuator/firmware/esp32/.pio/build/esp32c3/FrameworkArduino/Print.cpp.d
/home/roko/Documents/Projects/myactuator/firmware/esp32/.pio/build/esp32c3/FrameworkArduino/Print.cpp.o
/home/roko/Documents/Projects/myactuator/firmware/esp32/.pio/build/esp32c3/FrameworkArduino/Stream.cpp.d
/home/roko/Documents/Projects/myactuator/firmware/esp32/.pio/build/esp32c3/FrameworkArduino/Stream.cpp.o
/home/roko/Documents/Projects/myactuator/firmware/esp32/.pio/build/esp32c3/FrameworkArduino/StreamString.cpp.d
/home/roko/Documents/Projects/myactuator/firmware/esp32/.pio/build/esp32c3/FrameworkArduino/StreamString.cpp.o
/home/roko/Documents/Projects/myactuator/firmware/esp32/.pio/build/esp32c3/FrameworkArduino/Tone.cpp.d
/home/roko/Documents/Projects/myactuator/firmware/esp32/.pio/build/esp32c3/FrameworkArduino/Tone.cpp.o
/home/roko/Documents/Projects/myactuator/firmware/esp32/.pio/build/esp32c3/FrameworkArduino/USBCDC.cpp.d
/home/roko/Documents/Projects/myactuator/firmware/esp32/.pio/build/esp32c3/FrameworkArduino/USBCDC.cpp.o
/home/roko/Documents/Projects/myactuator/firmware/esp32/.pio/build/esp32c3/FrameworkArduino/USB.cpp.d
/home/roko/Documents/Projects/myactuator/firmware/esp32/.pio/build/esp32c3/FrameworkArduino/USB.cpp.o
/home/roko/Documents/Projects/myactuator/firmware/esp32/.pio/build/esp32c3/FrameworkArduino/USBMSC.cpp.d
/home/roko/Documents/Projects/myactuator/firmware/esp32/.pio/build/esp32c3/FrameworkArduino/USBMSC.cpp.o
/home/roko/Documents/Projects/myactuator/firmware/esp32/.pio/build/esp32c3/FrameworkArduino/WMath.cpp.d
/home/roko/Documents/Projects/myactuator/firmware/esp32/.pio/build/esp32c3/FrameworkArduino/WMath.cpp.o
/home/roko/Documents/Projects/myactuator/firmware/esp32/.pio/build/esp32c3/FrameworkArduino/WString.cpp.d
/home/roko/Documents/Projects/myactuator/firmware/esp32/.pio/build/esp32c3/FrameworkArduino/WString.cpp.o
/home/roko/Documents/Projects/myactuator/firmware/esp32/.pio/build/esp32c3/partitions.bin
/home/roko/Documents/Projects/myactuator/firmware/esp32/.pio/build/esp32c3/.sconsign312.dblite
/home/roko/Documents/Projects/myactuator/firmware/esp32/.pio/build/esp32c3/src/drivers/can_bus.cpp.d
/home/roko/Documents/Projects/myactuator/firmware/esp32/.pio/build/esp32c3/src/drivers/can_bus.cpp.o
/home/roko/Documents/Projects/myactuator/firmware/esp32/.pio/build/esp32c3/src/drivers/cem_driver.cpp.d
/home/roko/Documents/Projects/myactuator/firmware/esp32/.pio/build/esp32c3/src/drivers/encoder.cpp.d
/home/roko/Documents/Projects/myactuator/firmware/esp32/.pio/build/esp32c3/src/drivers/encoder.cpp.o
/home/roko/Documents/Projects/myactuator/firmware/esp32/.pio/build/esp32c3/src/drivers/ethercat.cpp.d
/home/roko/Documents/Projects/myactuator/firmware/esp32/.pio/build/esp32c3/src/drivers/ethercat.cpp.o
/home/roko/Documents/Projects/myactuator/firmware/esp32/.pio/build/esp32c3/src/drivers/fl_driver.cpp.d
/home/roko/Documents/Projects/myactuator/firmware/esp32/.pio/build/esp32c3/src/drivers/rh_driver.cpp.d
/home/roko/Documents/Projects/myactuator/firmware/esp32/.pio/build/esp32c3/src/drivers/rmd_h_driver.cpp.d
/home/roko/Documents/Projects/myactuator/firmware/esp32/.pio/build/esp32c3/src/drivers/rmd_l_driver.cpp.d
/home/roko/Documents/Projects/myactuator/firmware/esp32/.pio/build/esp32c3/src/drivers/rmd_x_driver.cpp.d
/home/roko/Documents/Projects/myactuator/firmware/esp32/.pio/build/esp32c3/src/drivers/rs485.cpp.d
/home/roko/Documents/Projects/myactuator/firmware/esp32/.pio/build/esp32c3/src/drivers/rs485.cpp.o
/home/roko/Documents/Projects/myactuator/firmware/esp32/.pio/build/esp32c3/src/utils/logger.cpp.d
/home/roko/Documents/Projects/myactuator/firmware/esp32/.pio/build/esp32c3/src/utils/logger.cpp.o
/home/roko/Documents/Projects/myactuator/firmware/esp32/.pio/build/esp32/FrameworkArduino/Esp.cpp.d
/home/roko/Documents/Projects/myactuator/firmware/esp32/.pio/build/esp32/FrameworkArduino/Esp.cpp.o
/home/roko/Documents/Projects/myactuator/firmware/esp32/.pio/build/esp32/FrameworkArduino/FirmwareMSC.cpp.d
/home/roko/Documents/Projects/myactuator/firmware/esp32/.pio/build/esp32/FrameworkArduino/FirmwareMSC.cpp.o
/home/roko/Documents/Projects/myactuator/firmware/esp32/.pio/build/esp32/FrameworkArduino/FunctionalInterrupt.cpp.d
/home/roko/Documents/Projects/myactuator/firmware/esp32/.pio/build/esp32/FrameworkArduino/FunctionalInterrupt.cpp.o
/home/roko/Documents/Projects/myactuator/firmware/esp32/.pio/build/esp32/FrameworkArduino/HardwareSerial.cpp.d
/home/roko/Documents/Projects/myactuator/firmware/esp32/.pio/build/esp32/FrameworkArduino/HardwareSerial.cpp.o
/home/roko/Documents/Projects/myactuator/firmware/esp32/.pio/build/esp32/FrameworkArduino/HWCDC.cpp.d
/home/roko/Documents/Projects/myactuator/firmware/esp32/.pio/build/esp32/FrameworkArduino/HWCDC.cpp.o
/home/roko/Documents/Projects/myactuator/firmware/esp32/.pio/build/esp32/FrameworkArduino/IPAddress.cpp.d
/home/roko/Documents/Projects/myactuator/firmware/esp32/.pio/build/esp32/FrameworkArduino/IPAddress.cpp.o
/home/roko/Documents/Projects/myactuator/firmware/esp32/.pio/build/esp32/FrameworkArduino/IPv6Address.cpp.d
/home/roko/Documents/Projects/myactuator/firmware/esp32/.pio/build/esp32/FrameworkArduino/IPv6Address.cpp.o
/home/roko/Documents/Projects/myactuator/firmware/esp32/.pio/build/esp32/FrameworkArduino/MD5Builder.cpp.d
/home/roko/Documents/Projects/myactuator/firmware/esp32/.pio/build/esp32/FrameworkArduino/MD5Builder.cpp.o
/home/roko/Documents/Projects/myactuator/firmware/esp32/.pio/build/esp32/lib0fe/CAN/CANController.cpp.d
/home/roko/Documents/Projects/myactuator/firmware/esp32/.pio/build/esp32/lib0fe/CAN/CANController.cpp.o
/home/roko/Documents/Projects/myactuator/firmware/esp32/.pio/build/esp32/lib0fe/CAN/ESP32SJA1000.cpp.d
/home/roko/Documents/Projects/myactuator/firmware/esp32/.pio/build/esp32/lib0fe/CAN/ESP32SJA1000.cpp.o
/home/roko/Documents/Projects/myactuator/firmware/esp32/.pio/build/esp32/lib0fe/CAN/MCP2515.cpp.d
/home/roko/Documents/Projects/myactuator/firmware/esp32/.pio/build/esp32/lib0fe/CAN/MCP2515.cpp.o
/home/roko/Documents/Projects/myactuator/firmware/esp32/.pio/build/esp32/lib0fe/libCAN.a
/home/roko/Documents/Projects/myactuator/firmware/esp32/.pio/build/esp32/lib169/libSPI.a
/home/roko/Documents/Projects/myactuator/firmware/esp32/.pio/build/esp32/lib169/SPI/SPI.cpp.d
/home/roko/Documents/Projects/myactuator/firmware/esp32/.pio/build/esp32/lib169/SPI/SPI.cpp.o
/home/roko/Documents/Projects/myactuator/firmware/esp32/.pio/build/esp32/partitions.bin
/home/roko/Documents/Projects/myactuator/firmware/esp32/.pio/build/esp32s3/bootloader.bin
/home/roko/Documents/Projects/myactuator/firmware/esp32/.pio/build/esp32s3dev/bootloader.bin
/home/roko/Documents/Projects/myactuator/firmware/esp32/.pio/build/esp32s3dev/FrameworkArduino/Esp.cpp.d
/home/roko/Documents/Projects/myactuator/firmware/esp32/.pio/build/esp32s3dev/FrameworkArduino/Esp.cpp.o
/home/roko/Documents/Projects/myactuator/firmware/esp32/.pio/build/esp32s3dev/FrameworkArduino/FirmwareMSC.cpp.d
/home/roko/Documents/Projects/myactuator/firmware/esp32/.pio/build/esp32s3dev/FrameworkArduino/FirmwareMSC.cpp.o
/home/roko/Documents/Projects/myactuator/firmware/esp32/.pio/build/esp32s3dev/FrameworkArduino/FunctionalInterrupt.cpp.d
/home/roko/Documents/Projects/myactuator/firmware/esp32/.pio/build/esp32s3dev/FrameworkArduino/FunctionalInterrupt.cpp.o
/home/roko/Documents/Projects/myactuator/firmware/esp32/.pio/build/esp32s3dev/FrameworkArduino/HardwareSerial.cpp.d
/home/roko/Documents/Projects/myactuator/firmware/esp32/.pio/build/esp32s3dev/FrameworkArduino/HardwareSerial.cpp.o
/home/roko/Documents/Projects/myactuator/firmware/esp32/.pio/build/esp32s3dev/FrameworkArduino/HWCDC.cpp.d
/home/roko/Documents/Projects/myactuator/firmware/esp32/.pio/build/esp32s3dev/FrameworkArduino/HWCDC.cpp.o
/home/roko/Documents/Projects/myactuator/firmware/esp32/.pio/build/esp32s3dev/FrameworkArduino/IPAddress.cpp.d
/home/roko/Documents/Projects/myactuator/firmware/esp32/.pio/build/esp32s3dev/FrameworkArduino/IPAddress.cpp.o
/home/roko/Documents/Projects/myactuator/firmware/esp32/.pio/build/esp32s3dev/FrameworkArduino/IPv6Address.cpp.d
/home/roko/Documents/Projects/myactuator/firmware/esp32/.pio/build/esp32s3dev/FrameworkArduino/IPv6Address.cpp.o
/home/roko/Documents/Projects/myactuator/firmware/esp32/.pio/build/esp32s3dev/FrameworkArduino/MD5Builder.cpp.d
/home/roko/Documents/Projects/myactuator/firmware/esp32/.pio/build/esp32s3dev/FrameworkArduino/MD5Builder.cpp.o
/home/roko/Documents/Projects/myactuator/firmware/esp32/.pio/build/esp32s3dev/FrameworkArduino/Print.cpp.d
/home/roko/Documents/Projects/myactuator/firmware/esp32/.pio/build/esp32s3dev/FrameworkArduino/Print.cpp.o
/home/roko/Documents/Projects/myactuator/firmware/esp32/.pio/build/esp32s3dev/FrameworkArduino/Stream.cpp.d
/home/roko/Documents/Projects/myactuator/firmware/esp32/.pio/build/esp32s3dev/FrameworkArduino/Stream.cpp.o
/home/roko/Documents/Projects/myactuator/firmware/esp32/.pio/build/esp32s3dev/FrameworkArduino/StreamString.cpp.d
/home/roko/Documents/Projects/myactuator/firmware/esp32/.pio/build/esp32s3dev/FrameworkArduino/StreamString.cpp.o
/home/roko/Documents/Projects/myactuator/firmware/esp32/.pio/build/esp32s3dev/FrameworkArduino/Tone.cpp.d
/home/roko/Documents/Projects/myactuator/firmware/esp32/.pio/build/esp32s3dev/FrameworkArduino/Tone.cpp.o
/home/roko/Documents/Projects/myactuator/firmware/esp32/.pio/build/esp32s3dev/FrameworkArduino/USB.cpp.d
/home/roko/Documents/Projects/myactuator/firmware/esp32/.pio/build/esp32s3dev/FrameworkArduino/USB.cpp.o
/home/roko/Documents/Projects/myactuator/firmware/esp32/.pio/build/esp32s3dev/partitions.bin
/home/roko/Documents/Projects/myactuator/firmware/esp32/.pio/build/esp32s3dev/.sconsign312.dblite
/home/roko/Documents/Projects/myactuator/firmware/esp32/.pio/build/esp32s3dev/src/drivers/can_bus.cpp.d
/home/roko/Documents/Projects/myactuator/firmware/esp32/.pio/build/esp32s3dev/src/drivers/can_bus.cpp.o
/home/roko/Documents/Projects/myactuator/firmware/esp32/.pio/build/esp32s3dev/src/drivers/cem_driver.cpp.d
/home/roko/Documents/Projects/myactuator/firmware/esp32/.pio/build/esp32s3dev/src/drivers/encoder.cpp.d
/home/roko/Documents/Projects/myactuator/firmware/esp32/.pio/build/esp32s3dev/src/drivers/encoder.cpp.o
/home/roko/Documents/Projects/myactuator/firmware/esp32/.pio/build/esp32s3dev/src/drivers/ethercat.cpp.d
/home/roko/Documents/Projects/myactuator/firmware/esp32/.pio/build/esp32s3dev/src/drivers/ethercat.cpp.o
/home/roko/Documents/Projects/myactuator/firmware/esp32/.pio/build/esp32s3dev/src/drivers/fl_driver.cpp.d
/home/roko/Documents/Projects/myactuator/firmware/esp32/.pio/build/esp32s3dev/src/drivers/rh_driver.cpp.d
/home/roko/Documents/Projects/myactuator/firmware/esp32/.pio/build/esp32s3dev/src/drivers/rmd_h_driver.cpp.d
/home/roko/Documents/Projects/myactuator/firmware/esp32/.pio/build/esp32s3dev/src/drivers/rmd_l_driver.cpp.d
/home/roko/Documents/Projects/myactuator/firmware/esp32/.pio/build/esp32s3dev/src/drivers/rmd_x_driver.cpp.d
/home/roko/Documents/Projects/myactuator/firmware/esp32/.pio/build/esp32s3dev/src/drivers/rs485.cpp.d
/home/roko/Documents/Projects/myactuator/firmware/esp32/.pio/build/esp32s3dev/src/drivers/rs485.cpp.o
/home/roko/Documents/Projects/myactuator/firmware/esp32/.pio/build/esp32s3dev/src/main.cpp.d
/home/roko/Documents/Projects/myactuator/firmware/esp32/.pio/build/esp32s3dev/src/motor_controller.cpp.d
/home/roko/Documents/Projects/myactuator/firmware/esp32/.pio/build/esp32s3dev/src/protocols/pal.cpp.d
/home/roko/Documents/Projects/myactuator/firmware/esp32/.pio/build/esp32s3dev/src/protocols/pal.cpp.o
/home/roko/Documents/Projects/myactuator/firmware/esp32/.pio/build/esp32s3dev/src/utils/config.cpp.d
/home/roko/Documents/Projects/myactuator/firmware/esp32/.pio/build/esp32s3dev/src/utils/config.cpp.o
/home/roko/Documents/Projects/myactuator/firmware/esp32/.pio/build/esp32s3dev/src/utils/logger.cpp.d
/home/roko/Documents/Projects/myactuator/firmware/esp32/.pio/build/esp32s3dev/src/utils/logger.cpp.o
/home/roko/Documents/Projects/myactuator/firmware/esp32/.pio/build/esp32s3/FrameworkArduino/Esp.cpp.d
/home/roko/Documents/Projects/myactuator/firmware/esp32/.pio/build/esp32s3/FrameworkArduino/Esp.cpp.o
/home/roko/Documents/Projects/myactuator/firmware/esp32/.pio/build/esp32s3/FrameworkArduino/FirmwareMSC.cpp.d
/home/roko/Documents/Projects/myactuator/firmware/esp32/.pio/build/esp32s3/FrameworkArduino/FirmwareMSC.cpp.o
/home/roko/Documents/Projects/myactuator/firmware/esp32/.pio/build/esp32s3/FrameworkArduino/FunctionalInterrupt.cpp.d
/home/roko/Documents/Projects/myactuator/firmware/esp32/.pio/build/esp32s3/FrameworkArduino/FunctionalInterrupt.cpp.o
/home/roko/Documents/Projects/myactuator/firmware/esp32/.pio/build/esp32s3/FrameworkArduino/HardwareSerial.cpp.d
/home/roko/Documents/Projects/myactuator/firmware/esp32/.pio/build/esp32s3/FrameworkArduino/HardwareSerial.cpp.o
/home/roko/Documents/Projects/myactuator/firmware/esp32/.pio/build/esp32s3/FrameworkArduino/HWCDC.cpp.d
/home/roko/Documents/Projects/myactuator/firmware/esp32/.pio/build/esp32s3/FrameworkArduino/HWCDC.cpp.o
/home/roko/Documents/Projects/myactuator/firmware/esp32/.pio/build/esp32s3/FrameworkArduino/IPAddress.cpp.d
/home/roko/Documents/Projects/myactuator/firmware/esp32/.pio/build/esp32s3/FrameworkArduino/IPAddress.cpp.o
/home/roko/Documents/Projects/myactuator/firmware/esp32/.pio/build/esp32s3/FrameworkArduino/IPv6Address.cpp.d
/home/roko/Documents/Projects/myactuator/firmware/esp32/.pio/build/esp32s3/FrameworkArduino/IPv6Address.cpp.o
/home/roko/Documents/Projects/myactuator/firmware/esp32/.pio/build/esp32s3/FrameworkArduino/MD5Builder.cpp.d
/home/roko/Documents/Projects/myactuator/firmware/esp32/.pio/build/esp32s3/FrameworkArduino/MD5Builder.cpp.o
/home/roko/Documents/Projects/myactuator/firmware/esp32/.pio/build/esp32s3/FrameworkArduino/Print.cpp.d
/home/roko/Documents/Projects/myactuator/firmware/esp32/.pio/build/esp32s3/FrameworkArduino/Print.cpp.o
/home/roko/Documents/Projects/myactuator/firmware/esp32/.pio/build/esp32s3/FrameworkArduino/Stream.cpp.d
/home/roko/Documents/Projects/myactuator/firmware/esp32/.pio/build/esp32s3/FrameworkArduino/Stream.cpp.o
/home/roko/Documents/Projects/myactuator/firmware/esp32/.pio/build/esp32s3/FrameworkArduino/StreamString.cpp.d
/home/roko/Documents/Projects/myactuator/firmware/esp32/.pio/build/esp32s3/FrameworkArduino/StreamString.cpp.o
/home/roko/Documents/Projects/myactuator/firmware/esp32/.pio/build/esp32s3/FrameworkArduino/Tone.cpp.d
/home/roko/Documents/Projects/myactuator/firmware/esp32/.pio/build/esp32s3/FrameworkArduino/Tone.cpp.o
/home/roko/Documents/Projects/myactuator/firmware/esp32/.pio/build/esp32s3/FrameworkArduino/USBCDC.cpp.d
/home/roko/Documents/Projects/myactuator/firmware/esp32/.pio/build/esp32s3/FrameworkArduino/USBCDC.cpp.o
/home/roko/Documents/Projects/myactuator/firmware/esp32/.pio/build/esp32s3/FrameworkArduino/USB.cpp.d
/home/roko/Documents/Projects/myactuator/firmware/esp32/.pio/build/esp32s3/FrameworkArduino/USB.cpp.o
/home/roko/Documents/Projects/myactuator/firmware/esp32/.pio/build/esp32s3/partitions.bin
/home/roko/Documents/Projects/myactuator/firmware/esp32/.pio/build/esp32s3/.sconsign312.dblite
/home/roko/Documents/Projects/myactuator/firmware/esp32/.pio/build/esp32s3/src/drivers/can_bus.cpp.d
/home/roko/Documents/Projects/myactuator/firmware/esp32/.pio/build/esp32s3/src/drivers/can_bus.cpp.o
/home/roko/Documents/Projects/myactuator/firmware/esp32/.pio/build/esp32s3/src/drivers/cem_driver.cpp.d
/home/roko/Documents/Projects/myactuator/firmware/esp32/.pio/build/esp32s3/src/drivers/encoder.cpp.d
/home/roko/Documents/Projects/myactuator/firmware/esp32/.pio/build/esp32s3/src/drivers/encoder.cpp.o
/home/roko/Documents/Projects/myactuator/firmware/esp32/.pio/build/esp32s3/src/drivers/ethercat.cpp.d
/home/roko/Documents/Projects/myactuator/firmware/esp32/.pio/build/esp32s3/src/drivers/ethercat.cpp.o
/home/roko/Documents/Projects/myactuator/firmware/esp32/.pio/build/esp32s3/src/drivers/fl_driver.cpp.d
/home/roko/Documents/Projects/myactuator/firmware/esp32/.pio/build/esp32s3/src/drivers/rh_driver.cpp.d
/home/roko/Documents/Projects/myactuator/firmware/esp32/.pio/build/esp32s3/src/drivers/rmd_h_driver.cpp.d
/home/roko/Documents/Projects/myactuator/firmware/esp32/.pio/build/esp32s3/src/drivers/rmd_l_driver.cpp.d
/home/roko/Documents/Projects/myactuator/firmware/esp32/.pio/build/esp32s3/src/drivers/rmd_x_driver.cpp.d
/home/roko/Documents/Projects/myactuator/firmware/esp32/.pio/build/esp32s3/src/drivers/rs485.cpp.d
/home/roko/Documents/Projects/myactuator/firmware/esp32/.pio/build/esp32s3/src/drivers/rs485.cpp.o
/home/roko/Documents/Projects/myactuator/firmware/esp32/.pio/build/esp32s3/src/utils/logger.cpp.d
/home/roko/Documents/Projects/myactuator/firmware/esp32/.pio/build/esp32s3/src/utils/logger.cpp.o
/home/roko/Documents/Projects/myactuator/firmware/esp32/.pio/build/esp32/.sconsign312.dblite
/home/roko/Documents/Projects/myactuator/firmware/esp32/.pio/build/esp32/src/drivers/can_bus.cpp.d
/home/roko/Documents/Projects/myactuator/firmware/esp32/.pio/build/esp32/src/drivers/can_bus.cpp.o
/home/roko/Documents/Projects/myactuator/firmware/esp32/.pio/build/esp32/src/drivers/cem_driver.cpp.d
/home/roko/Documents/Projects/myactuator/firmware/esp32/.pio/build/esp32/src/drivers/encoder.cpp.d
/home/roko/Documents/Projects/myactuator/firmware/esp32/.pio/build/esp32/src/drivers/encoder.cpp.o
/home/roko/Documents/Projects/myactuator/firmware/esp32/.pio/build/esp32/src/drivers/ethercat.cpp.d
/home/roko/Documents/Projects/myactuator/firmware/esp32/.pio/build/esp32/src/drivers/ethercat.cpp.o
/home/roko/Documents/Projects/myactuator/firmware/esp32/.pio/build/esp32/src/drivers/fl_driver.cpp.d
/home/roko/Documents/Projects/myactuator/firmware/esp32/.pio/build/esp32/src/drivers/rh_driver.cpp.d
/home/roko/Documents/Projects/myactuator/firmware/esp32/.pio/build/esp32/src/drivers/rmd_h_driver.cpp.d
/home/roko/Documents/Projects/myactuator/firmware/esp32/.pio/build/esp32/src/drivers/rmd_l_driver.cpp.d
/home/roko/Documents/Projects/myactuator/firmware/esp32/.pio/build/esp32/src/drivers/rmd_x_driver.cpp.d
/home/roko/Documents/Projects/myactuator/firmware/esp32/.pio/build/esp32/src/drivers/rs485.cpp.d
/home/roko/Documents/Projects/myactuator/firmware/esp32/.pio/build/esp32/src/drivers/rs485.cpp.o
/home/roko/Documents/Projects/myactuator/firmware/esp32/.pio/build/esp32/src/main.cpp.d
/home/roko/Documents/Projects/myactuator/firmware/esp32/.pio/build/esp32/src/motor_controller.cpp.d
/home/roko/Documents/Projects/myactuator/firmware/esp32/.pio/build/esp32/src/protocols/pal.cpp.d
/home/roko/Documents/Projects/myactuator/firmware/esp32/.pio/build/esp32/src/protocols/pal.cpp.o
/home/roko/Documents/Projects/myactuator/firmware/esp32/.pio/build/esp32/src/utils/config.cpp.d
/home/roko/Documents/Projects/myactuator/firmware/esp32/.pio/build/esp32/src/utils/config.cpp.o
/home/roko/Documents/Projects/myactuator/firmware/esp32/.pio/build/esp32/src/utils/logger.cpp.d
/home/roko/Documents/Projects/myactuator/firmware/esp32/.pio/build/esp32/src/utils/logger.cpp.o
/home/roko/Documents/Projects/myactuator/firmware/esp32/.pio/build/project.checksum
/home/roko/Documents/Projects/myactuator/firmware/esp32/.pio/libdeps/esp32/ArduinoJson/ArduinoJson.h
/home/roko/Documents/Projects/myactuator/firmware/esp32/.pio/libdeps/esp32/ArduinoJson/examples/JsonConfigFile/JsonConfigFile.ino
/home/roko/Documents/Projects/myactuator/firmware/esp32/.pio/libdeps/esp32/ArduinoJson/examples/JsonFilterExample/JsonFilterExample.ino
/home/roko/Documents/Projects/myactuator/firmware/esp32/.pio/libdeps/esp32/ArduinoJson/examples/JsonGeneratorExample/JsonGeneratorExample.ino
/home/roko/Documents/Projects/myactuator/firmware/esp32/.pio/libdeps/esp32/ArduinoJson/examples/JsonHttpClient/JsonHttpClient.ino
/home/roko/Documents/Projects/myactuator/firmware/esp32/.pio/libdeps/esp32/ArduinoJson/examples/JsonParserExample/JsonParserExample.ino
/home/roko/Documents/Projects/myactuator/firmware/esp32/.pio/libdeps/esp32/ArduinoJson/examples/JsonServer/JsonServer.ino
/home/roko/Documents/Projects/myactuator/firmware/esp32/.pio/libdeps/esp32/ArduinoJson/examples/JsonUdpBeacon/JsonUdpBeacon.ino
/home/roko/Documents/Projects/myactuator/firmware/esp32/.pio/libdeps/esp32/ArduinoJson/examples/MsgPackParser/MsgPackParser.ino
/home/roko/Documents/Projects/myactuator/firmware/esp32/.pio/libdeps/esp32/ArduinoJson/examples/ProgmemExample/ProgmemExample.ino
/home/roko/Documents/Projects/myactuator/firmware/esp32/.pio/libdeps/esp32/ArduinoJson/examples/StringExample/StringExample.ino
/home/roko/Documents/Projects/myactuator/firmware/esp32/.pio/libdeps/esp32/ArduinoJson/library.json
/home/roko/Documents/Projects/myactuator/firmware/esp32/.pio/libdeps/esp32/ArduinoJson/library.properties
/home/roko/Documents/Projects/myactuator/firmware/esp32/.pio/libdeps/esp32/ArduinoJson/LICENSE.txt
/home/roko/Documents/Projects/myactuator/firmware/esp32/.pio/libdeps/esp32/ArduinoJson/.piopm
/home/roko/Documents/Projects/myactuator/firmware/esp32/.pio/libdeps/esp32/ArduinoJson/README.md
/home/roko/Documents/Projects/myactuator/firmware/esp32/.pio/libdeps/esp32/ArduinoJson/src/ArduinoJson/Array/ElementProxy.hpp
/home/roko/Documents/Projects/myactuator/firmware/esp32/.pio/libdeps/esp32/ArduinoJson/src/ArduinoJson/Array/JsonArrayConst.hpp
/home/roko/Documents/Projects/myactuator/firmware/esp32/.pio/libdeps/esp32/ArduinoJson/src/ArduinoJson/Array/JsonArray.hpp
/home/roko/Documents/Projects/myactuator/firmware/esp32/.pio/libdeps/esp32/ArduinoJson/src/ArduinoJson/Array/JsonArrayImpl.hpp
/home/roko/Documents/Projects/myactuator/firmware/esp32/.pio/libdeps/esp32/ArduinoJson/src/ArduinoJson/Array/JsonArrayIterator.hpp
/home/roko/Documents/Projects/myactuator/firmware/esp32/.pio/libdeps/esp32/ArduinoJson/src/ArduinoJson/Array/Utilities.hpp
/home/roko/Documents/Projects/myactuator/firmware/esp32/.pio/libdeps/esp32/ArduinoJson/src/ArduinoJson/Collection/CollectionData.hpp
/home/roko/Documents/Projects/myactuator/firmware/esp32/.pio/libdeps/esp32/ArduinoJson/src/ArduinoJson/Collection/CollectionImpl.hpp
/home/roko/Documents/Projects/myactuator/firmware/esp32/.pio/libdeps/esp32/ArduinoJson/src/ArduinoJson/compatibility.hpp
/home/roko/Documents/Projects/myactuator/firmware/esp32/.pio/libdeps/esp32/ArduinoJson/src/ArduinoJson/Configuration.hpp
/home/roko/Documents/Projects/myactuator/firmware/esp32/.pio/libdeps/esp32/ArduinoJson/src/ArduinoJson/Deserialization/DeserializationError.hpp
/home/roko/Documents/Projects/myactuator/firmware/esp32/.pio/libdeps/esp32/ArduinoJson/src/ArduinoJson/Deserialization/DeserializationOptions.hpp
/home/roko/Documents/Projects/myactuator/firmware/esp32/.pio/libdeps/esp32/ArduinoJson/src/ArduinoJson/Deserialization/deserialize.hpp
/home/roko/Documents/Projects/myactuator/firmware/esp32/.pio/libdeps/esp32/ArduinoJson/src/ArduinoJson/Deserialization/Filter.hpp
/home/roko/Documents/Projects/myactuator/firmware/esp32/.pio/libdeps/esp32/ArduinoJson/src/ArduinoJson/Deserialization/NestingLimit.hpp
/home/roko/Documents/Projects/myactuator/firmware/esp32/.pio/libdeps/esp32/ArduinoJson/src/ArduinoJson/Deserialization/Reader.hpp
/home/roko/Documents/Projects/myactuator/firmware/esp32/.pio/libdeps/esp32/ArduinoJson/src/ArduinoJson/Deserialization/Readers/ArduinoStreamReader.hpp
/home/roko/Documents/Projects/myactuator/firmware/esp32/.pio/libdeps/esp32/ArduinoJson/src/ArduinoJson/Deserialization/Readers/ArduinoStringReader.hpp
/home/roko/Documents/Projects/myactuator/firmware/esp32/.pio/libdeps/esp32/ArduinoJson/src/ArduinoJson/Deserialization/Readers/FlashReader.hpp
/home/roko/Documents/Projects/myactuator/firmware/esp32/.pio/libdeps/esp32/ArduinoJson/src/ArduinoJson/Deserialization/Readers/IteratorReader.hpp
/home/roko/Documents/Projects/myactuator/firmware/esp32/.pio/libdeps/esp32/ArduinoJson/src/ArduinoJson/Deserialization/Readers/RamReader.hpp
/home/roko/Documents/Projects/myactuator/firmware/esp32/.pio/libdeps/esp32/ArduinoJson/src/ArduinoJson/Deserialization/Readers/StdStreamReader.hpp
/home/roko/Documents/Projects/myactuator/firmware/esp32/.pio/libdeps/esp32/ArduinoJson/src/ArduinoJson/Deserialization/Readers/VariantReader.hpp
/home/roko/Documents/Projects/myactuator/firmware/esp32/.pio/libdeps/esp32/ArduinoJson/src/ArduinoJson/Document/BasicJsonDocument.hpp
/home/roko/Documents/Projects/myactuator/firmware/esp32/.pio/libdeps/esp32/ArduinoJson/src/ArduinoJson/Document/DynamicJsonDocument.hpp
/home/roko/Documents/Projects/myactuator/firmware/esp32/.pio/libdeps/esp32/ArduinoJson/src/ArduinoJson/Document/JsonDocument.hpp
/home/roko/Documents/Projects/myactuator/firmware/esp32/.pio/libdeps/esp32/ArduinoJson/src/ArduinoJson/Document/StaticJsonDocument.hpp
/home/roko/Documents/Projects/myactuator/firmware/esp32/.pio/libdeps/esp32/ArduinoJson/src/ArduinoJson.h
/home/roko/Documents/Projects/myactuator/firmware/esp32/.pio/libdeps/esp32/ArduinoJson/src/ArduinoJson.hpp
/home/roko/Documents/Projects/myactuator/firmware/esp32/.pio/libdeps/esp32/ArduinoJson/src/ArduinoJson/Json/EscapeSequence.hpp
/home/roko/Documents/Projects/myactuator/firmware/esp32/.pio/libdeps/esp32/ArduinoJson/src/ArduinoJson/Json/JsonDeserializer.hpp
/home/roko/Documents/Projects/myactuator/firmware/esp32/.pio/libdeps/esp32/ArduinoJson/src/ArduinoJson/Json/JsonSerializer.hpp
/home/roko/Documents/Projects/myactuator/firmware/esp32/.pio/libdeps/esp32/ArduinoJson/src/ArduinoJson/Json/Latch.hpp
/home/roko/Documents/Projects/myactuator/firmware/esp32/.pio/libdeps/esp32/ArduinoJson/src/ArduinoJson/Json/PrettyJsonSerializer.hpp
/home/roko/Documents/Projects/myactuator/firmware/esp32/.pio/libdeps/esp32/ArduinoJson/src/ArduinoJson/Json/TextFormatter.hpp
/home/roko/Documents/Projects/myactuator/firmware/esp32/.pio/libdeps/esp32/ArduinoJson/src/ArduinoJson/Json/Utf16.hpp
/home/roko/Documents/Projects/myactuator/firmware/esp32/.pio/libdeps/esp32/ArduinoJson/src/ArduinoJson/Json/Utf8.hpp
/home/roko/Documents/Projects/myactuator/firmware/esp32/.pio/libdeps/esp32/ArduinoJson/src/ArduinoJson/Memory/Alignment.hpp
/home/roko/Documents/Projects/myactuator/firmware/esp32/.pio/libdeps/esp32/ArduinoJson/src/ArduinoJson/Memory/MemoryPool.hpp
/home/roko/Documents/Projects/myactuator/firmware/esp32/.pio/libdeps/esp32/ArduinoJson/src/ArduinoJson/Misc/SerializedValue.hpp
/home/roko/Documents/Projects/myactuator/firmware/esp32/.pio/libdeps/esp32/ArduinoJson/src/ArduinoJson/MsgPack/endianness.hpp
/home/roko/Documents/Projects/myactuator/firmware/esp32/.pio/libdeps/esp32/ArduinoJson/src/ArduinoJson/MsgPack/ieee754.hpp
/home/roko/Documents/Projects/myactuator/firmware/esp32/.pio/libdeps/esp32/ArduinoJson/src/ArduinoJson/MsgPack/MsgPackDeserializer.hpp
/home/roko/Documents/Projects/myactuator/firmware/esp32/.pio/libdeps/esp32/ArduinoJson/src/ArduinoJson/MsgPack/MsgPackSerializer.hpp
/home/roko/Documents/Projects/myactuator/firmware/esp32/.pio/libdeps/esp32/ArduinoJson/src/ArduinoJson/Namespace.hpp
/home/roko/Documents/Projects/myactuator/firmware/esp32/.pio/libdeps/esp32/ArduinoJson/src/ArduinoJson/Numbers/arithmeticCompare.hpp
/home/roko/Documents/Projects/myactuator/firmware/esp32/.pio/libdeps/esp32/ArduinoJson/src/ArduinoJson/Numbers/convertNumber.hpp
/home/roko/Documents/Projects/myactuator/firmware/esp32/.pio/libdeps/esp32/ArduinoJson/src/ArduinoJson/Numbers/FloatParts.hpp
/home/roko/Documents/Projects/myactuator/firmware/esp32/.pio/libdeps/esp32/ArduinoJson/src/ArduinoJson/Numbers/FloatTraits.hpp
/home/roko/Documents/Projects/myactuator/firmware/esp32/.pio/libdeps/esp32/ArduinoJson/src/ArduinoJson/Numbers/JsonFloat.hpp
/home/roko/Documents/Projects/myactuator/firmware/esp32/.pio/libdeps/esp32/ArduinoJson/src/ArduinoJson/Numbers/JsonInteger.hpp
/home/roko/Documents/Projects/myactuator/firmware/esp32/.pio/libdeps/esp32/ArduinoJson/src/ArduinoJson/Numbers/parseNumber.hpp
/home/roko/Documents/Projects/myactuator/firmware/esp32/.pio/libdeps/esp32/ArduinoJson/src/ArduinoJson/Object/JsonObjectConst.hpp
/home/roko/Documents/Projects/myactuator/firmware/esp32/.pio/libdeps/esp32/ArduinoJson/src/ArduinoJson/Object/JsonObject.hpp
/home/roko/Documents/Projects/myactuator/firmware/esp32/.pio/libdeps/esp32/ArduinoJson/src/ArduinoJson/Object/JsonObjectImpl.hpp
/home/roko/Documents/Projects/myactuator/firmware/esp32/.pio/libdeps/esp32/ArduinoJson/src/ArduinoJson/Object/JsonObjectIterator.hpp
/home/roko/Documents/Projects/myactuator/firmware/esp32/.pio/libdeps/esp32/ArduinoJson/src/ArduinoJson/Object/JsonPair.hpp
/home/roko/Documents/Projects/myactuator/firmware/esp32/.pio/libdeps/esp32/ArduinoJson/src/ArduinoJson/Object/MemberProxy.hpp
/home/roko/Documents/Projects/myactuator/firmware/esp32/.pio/libdeps/esp32/ArduinoJson/src/ArduinoJson/Polyfills/alias_cast.hpp
/home/roko/Documents/Projects/myactuator/firmware/esp32/.pio/libdeps/esp32/ArduinoJson/src/ArduinoJson/Polyfills/assert.hpp
/home/roko/Documents/Projects/myactuator/firmware/esp32/.pio/libdeps/esp32/ArduinoJson/src/ArduinoJson/Polyfills/attributes.hpp
/home/roko/Documents/Projects/myactuator/firmware/esp32/.pio/libdeps/esp32/ArduinoJson/src/ArduinoJson/Polyfills/ctype.hpp
/home/roko/Documents/Projects/myactuator/firmware/esp32/.pio/libdeps/esp32/ArduinoJson/src/ArduinoJson/Polyfills/integer.hpp
/home/roko/Documents/Projects/myactuator/firmware/esp32/.pio/libdeps/esp32/ArduinoJson/src/ArduinoJson/Polyfills/limits.hpp
/home/roko/Documents/Projects/myactuator/firmware/esp32/.pio/libdeps/esp32/ArduinoJson/src/ArduinoJson/Polyfills/math.hpp
/home/roko/Documents/Projects/myactuator/firmware/esp32/.pio/libdeps/esp32/ArduinoJson/src/ArduinoJson/Polyfills/mpl/max.hpp
/home/roko/Documents/Projects/myactuator/firmware/esp32/.pio/libdeps/esp32/ArduinoJson/src/ArduinoJson/Polyfills/pgmspace_generic.hpp
/home/roko/Documents/Projects/myactuator/firmware/esp32/.pio/libdeps/esp32/ArduinoJson/src/ArduinoJson/Polyfills/pgmspace.hpp
/home/roko/Documents/Projects/myactuator/firmware/esp32/.pio/libdeps/esp32/ArduinoJson/src/ArduinoJson/Polyfills/preprocessor.hpp
/home/roko/Documents/Projects/myactuator/firmware/esp32/.pio/libdeps/esp32/ArduinoJson/src/ArduinoJson/Polyfills/type_traits/conditional.hpp
/home/roko/Documents/Projects/myactuator/firmware/esp32/.pio/libdeps/esp32/ArduinoJson/src/ArduinoJson/Polyfills/type_traits/declval.hpp
/home/roko/Documents/Projects/myactuator/firmware/esp32/.pio/libdeps/esp32/ArduinoJson/src/ArduinoJson/Polyfills/type_traits/enable_if.hpp
/home/roko/Documents/Projects/myactuator/firmware/esp32/.pio/libdeps/esp32/ArduinoJson/src/ArduinoJson/Polyfills/type_traits.hpp
/home/roko/Documents/Projects/myactuator/firmware/esp32/.pio/libdeps/esp32/ArduinoJson/src/ArduinoJson/Polyfills/type_traits/integral_constant.hpp
/home/roko/Documents/Projects/myactuator/firmware/esp32/.pio/libdeps/esp32/ArduinoJson/src/ArduinoJson/Polyfills/type_traits/is_array.hpp
/home/roko/Documents/Projects/myactuator/firmware/esp32/.pio/libdeps/esp32/ArduinoJson/src/ArduinoJson/Polyfills/type_traits/is_base_of.hpp
/home/roko/Documents/Projects/myactuator/firmware/esp32/.pio/libdeps/esp32/ArduinoJson/src/ArduinoJson/Polyfills/type_traits/is_class.hpp
/home/roko/Documents/Projects/myactuator/firmware/esp32/.pio/libdeps/esp32/ArduinoJson/src/ArduinoJson/Polyfills/type_traits/is_const.hpp
/home/roko/Documents/Projects/myactuator/firmware/esp32/.pio/libdeps/esp32/ArduinoJson/src/ArduinoJson/Polyfills/type_traits/is_convertible.hpp
/home/roko/Documents/Projects/myactuator/firmware/esp32/.pio/libdeps/esp32/ArduinoJson/src/ArduinoJson/Polyfills/type_traits/is_enum.hpp
/home/roko/Documents/Projects/myactuator/firmware/esp32/.pio/libdeps/esp32/ArduinoJson/src/ArduinoJson/Polyfills/type_traits/is_floating_point.hpp
/home/roko/Documents/Projects/myactuator/firmware/esp32/.pio/libdeps/esp32/ArduinoJson/src/ArduinoJson/Polyfills/type_traits/is_integral.hpp
/home/roko/Documents/Projects/myactuator/firmware/esp32/.pio/libdeps/esp32/ArduinoJson/src/ArduinoJson/Polyfills/type_traits/is_pointer.hpp
/home/roko/Documents/Projects/myactuator/firmware/esp32/.pio/libdeps/esp32/ArduinoJson/src/ArduinoJson/Polyfills/type_traits/is_same.hpp
/home/roko/Documents/Projects/myactuator/firmware/esp32/.pio/libdeps/esp32/ArduinoJson/src/ArduinoJson/Polyfills/type_traits/is_signed.hpp
/home/roko/Documents/Projects/myactuator/firmware/esp32/.pio/libdeps/esp32/ArduinoJson/src/ArduinoJson/Polyfills/type_traits/is_unsigned.hpp
/home/roko/Documents/Projects/myactuator/firmware/esp32/.pio/libdeps/esp32/ArduinoJson/src/ArduinoJson/Polyfills/type_traits/make_unsigned.hpp
/home/roko/Documents/Projects/myactuator/firmware/esp32/.pio/libdeps/esp32/ArduinoJson/src/ArduinoJson/Polyfills/type_traits/make_void.hpp
/home/roko/Documents/Projects/myactuator/firmware/esp32/.pio/libdeps/esp32/ArduinoJson/src/ArduinoJson/Polyfills/type_traits/remove_const.hpp
/home/roko/Documents/Projects/myactuator/firmware/esp32/.pio/libdeps/esp32/ArduinoJson/src/ArduinoJson/Polyfills/type_traits/remove_cv.hpp
/home/roko/Documents/Projects/myactuator/firmware/esp32/.pio/libdeps/esp32/ArduinoJson/src/ArduinoJson/Polyfills/type_traits/remove_reference.hpp
/home/roko/Documents/Projects/myactuator/firmware/esp32/.pio/libdeps/esp32/ArduinoJson/src/ArduinoJson/Polyfills/type_traits/type_identity.hpp
/home/roko/Documents/Projects/myactuator/firmware/esp32/.pio/libdeps/esp32/ArduinoJson/src/ArduinoJson/Polyfills/utility.hpp
/home/roko/Documents/Projects/myactuator/firmware/esp32/.pio/libdeps/esp32/ArduinoJson/src/ArduinoJson/Serialization/CountingDecorator.hpp
/home/roko/Documents/Projects/myactuator/firmware/esp32/.pio/libdeps/esp32/ArduinoJson/src/ArduinoJson/Serialization/measure.hpp
/home/roko/Documents/Projects/myactuator/firmware/esp32/.pio/libdeps/esp32/ArduinoJson/src/ArduinoJson/Serialization/serialize.hpp
/home/roko/Documents/Projects/myactuator/firmware/esp32/.pio/libdeps/esp32/ArduinoJson/src/ArduinoJson/Serialization/Writer.hpp
/home/roko/Documents/Projects/myactuator/firmware/esp32/.pio/libdeps/esp32/ArduinoJson/src/ArduinoJson/Serialization/Writers/ArduinoStringWriter.hpp
/home/roko/Documents/Projects/myactuator/firmware/esp32/.pio/libdeps/esp32/ArduinoJson/src/ArduinoJson/Serialization/Writers/DummyWriter.hpp
/home/roko/Documents/Projects/myactuator/firmware/esp32/.pio/libdeps/esp32/ArduinoJson/src/ArduinoJson/Serialization/Writers/PrintWriter.hpp
/home/roko/Documents/Projects/myactuator/firmware/esp32/.pio/libdeps/esp32/ArduinoJson/src/ArduinoJson/Serialization/Writers/StaticStringWriter.hpp
/home/roko/Documents/Projects/myactuator/firmware/esp32/.pio/libdeps/esp32/ArduinoJson/src/ArduinoJson/Serialization/Writers/StdStreamWriter.hpp
/home/roko/Documents/Projects/myactuator/firmware/esp32/.pio/libdeps/esp32/ArduinoJson/src/ArduinoJson/Serialization/Writers/StdStringWriter.hpp
/home/roko/Documents/Projects/myactuator/firmware/esp32/.pio/libdeps/esp32/ArduinoJson/src/ArduinoJson/Strings/Adapters/FlashString.hpp
/home/roko/Documents/Projects/myactuator/firmware/esp32/.pio/libdeps/esp32/ArduinoJson/src/ArduinoJson/Strings/Adapters/JsonString.hpp
/home/roko/Documents/Projects/myactuator/firmware/esp32/.pio/libdeps/esp32/ArduinoJson/src/ArduinoJson/Strings/Adapters/RamString.hpp
/home/roko/Documents/Projects/myactuator/firmware/esp32/.pio/libdeps/esp32/ArduinoJson/src/ArduinoJson/Strings/Adapters/StringObject.hpp
/home/roko/Documents/Projects/myactuator/firmware/esp32/.pio/libdeps/esp32/ArduinoJson/src/ArduinoJson/Strings/IsString.hpp
/home/roko/Documents/Projects/myactuator/firmware/esp32/.pio/libdeps/esp32/ArduinoJson/src/ArduinoJson/Strings/JsonString.hpp
/home/roko/Documents/Projects/myactuator/firmware/esp32/.pio/libdeps/esp32/ArduinoJson/src/ArduinoJson/Strings/StoragePolicy.hpp
/home/roko/Documents/Projects/myactuator/firmware/esp32/.pio/libdeps/esp32/ArduinoJson/src/ArduinoJson/Strings/StringAdapter.hpp
/home/roko/Documents/Projects/myactuator/firmware/esp32/.pio/libdeps/esp32/ArduinoJson/src/ArduinoJson/Strings/StringAdapters.hpp
/home/roko/Documents/Projects/myactuator/firmware/esp32/.pio/libdeps/esp32/ArduinoJson/src/ArduinoJson/Strings/StringTraits.hpp
/home/roko/Documents/Projects/myactuator/firmware/esp32/.pio/libdeps/esp32/ArduinoJson/src/ArduinoJson/StringStorage/StringCopier.hpp
/home/roko/Documents/Projects/myactuator/firmware/esp32/.pio/libdeps/esp32/ArduinoJson/src/ArduinoJson/StringStorage/StringMover.hpp
/home/roko/Documents/Projects/myactuator/firmware/esp32/.pio/libdeps/esp32/ArduinoJson/src/ArduinoJson/StringStorage/StringStorage.hpp
/home/roko/Documents/Projects/myactuator/firmware/esp32/.pio/libdeps/esp32/ArduinoJson/src/ArduinoJson/Variant/Converter.hpp
/home/roko/Documents/Projects/myactuator/firmware/esp32/.pio/libdeps/esp32/ArduinoJson/src/ArduinoJson/Variant/ConverterImpl.hpp
/home/roko/Documents/Projects/myactuator/firmware/esp32/.pio/libdeps/esp32/ArduinoJson/src/ArduinoJson/Variant/JsonVariantConst.hpp
/home/roko/Documents/Projects/myactuator/firmware/esp32/.pio/libdeps/esp32/ArduinoJson/src/ArduinoJson/Variant/JsonVariant.hpp
/home/roko/Documents/Projects/myactuator/firmware/esp32/.pio/libdeps/esp32/ArduinoJson/src/ArduinoJson/Variant/SlotFunctions.hpp
/home/roko/Documents/Projects/myactuator/firmware/esp32/.pio/libdeps/esp32/ArduinoJson/src/ArduinoJson/Variant/VariantAttorney.hpp
/home/roko/Documents/Projects/myactuator/firmware/esp32/.pio/libdeps/esp32/ArduinoJson/src/ArduinoJson/Variant/VariantCompare.hpp
/home/roko/Documents/Projects/myactuator/firmware/esp32/.pio/libdeps/esp32/ArduinoJson/src/ArduinoJson/Variant/VariantContent.hpp
/home/roko/Documents/Projects/myactuator/firmware/esp32/.pio/libdeps/esp32/ArduinoJson/src/ArduinoJson/Variant/VariantData.hpp
/home/roko/Documents/Projects/myactuator/firmware/esp32/.pio/libdeps/esp32/ArduinoJson/src/ArduinoJson/Variant/VariantFunctions.hpp
/home/roko/Documents/Projects/myactuator/firmware/esp32/.pio/libdeps/esp32/ArduinoJson/src/ArduinoJson/Variant/VariantImpl.hpp
/home/roko/Documents/Projects/myactuator/firmware/esp32/.pio/libdeps/esp32/ArduinoJson/src/ArduinoJson/Variant/VariantOperators.hpp
/home/roko/Documents/Projects/myactuator/firmware/esp32/.pio/libdeps/esp32/ArduinoJson/src/ArduinoJson/Variant/VariantRefBase.hpp
/home/roko/Documents/Projects/myactuator/firmware/esp32/.pio/libdeps/esp32/ArduinoJson/src/ArduinoJson/Variant/VariantSlot.hpp
/home/roko/Documents/Projects/myactuator/firmware/esp32/.pio/libdeps/esp32/ArduinoJson/src/ArduinoJson/Variant/VariantTag.hpp
/home/roko/Documents/Projects/myactuator/firmware/esp32/.pio/libdeps/esp32/ArduinoJson/src/ArduinoJson/Variant/VariantTo.hpp
/home/roko/Documents/Projects/myactuator/firmware/esp32/.pio/libdeps/esp32/ArduinoJson/src/ArduinoJson/Variant/Visitor.hpp
/home/roko/Documents/Projects/myactuator/firmware/esp32/.pio/libdeps/esp32/ArduinoJson/src/ArduinoJson/version.hpp
/home/roko/Documents/Projects/myactuator/firmware/esp32/.pio/libdeps/esp32/ArduinoJson/src/CMakeLists.txt
/home/roko/Documents/Projects/myactuator/firmware/esp32/.pio/libdeps/esp32/CAN/API.md
/home/roko/Documents/Projects/myactuator/firmware/esp32/.pio/libdeps/esp32/CAN/examples/CANReceiverCallback/CANReceiverCallback.ino
/home/roko/Documents/Projects/myactuator/firmware/esp32/.pio/libdeps/esp32/CAN/examples/CANReceiver/CANReceiver.ino
/home/roko/Documents/Projects/myactuator/firmware/esp32/.pio/libdeps/esp32/CAN/examples/CANSender/CANSender.ino
/home/roko/Documents/Projects/myactuator/firmware/esp32/.pio/libdeps/esp32/CAN/examples/OBDII/EngineRPM/EngineRPM.ino
/home/roko/Documents/Projects/myactuator/firmware/esp32/.pio/libdeps/esp32/CAN/examples/OBDII/SupportedPIDs/SupportedPIDs.ino
/home/roko/Documents/Projects/myactuator/firmware/esp32/.pio/libdeps/esp32/CAN/examples/OBDII/VINReader/VINReader.ino
/home/roko/Documents/Projects/myactuator/firmware/esp32/.pio/libdeps/esp32/CAN/keywords.txt
/home/roko/Documents/Projects/myactuator/firmware/esp32/.pio/libdeps/esp32/CAN/library.properties
/home/roko/Documents/Projects/myactuator/firmware/esp32/.pio/libdeps/esp32/CAN/LICENSE
/home/roko/Documents/Projects/myactuator/firmware/esp32/.pio/libdeps/esp32/CAN/.piopm
/home/roko/Documents/Projects/myactuator/firmware/esp32/.pio/libdeps/esp32/CAN/README.md
/home/roko/Documents/Projects/myactuator/firmware/esp32/.pio/libdeps/esp32/CAN/src/CANController.cpp
/home/roko/Documents/Projects/myactuator/firmware/esp32/.pio/libdeps/esp32/CAN/src/CANController.h
/home/roko/Documents/Projects/myactuator/firmware/esp32/.pio/libdeps/esp32/CAN/src/CAN.h
/home/roko/Documents/Projects/myactuator/firmware/esp32/.pio/libdeps/esp32/CAN/src/ESP32SJA1000.cpp
/home/roko/Documents/Projects/myactuator/firmware/esp32/.pio/libdeps/esp32/CAN/src/ESP32SJA1000.h
/home/roko/Documents/Projects/myactuator/firmware/esp32/.pio/libdeps/esp32/CAN/src/MCP2515.cpp
/home/roko/Documents/Projects/myactuator/firmware/esp32/.pio/libdeps/esp32/CAN/src/MCP2515.h
/home/roko/Documents/Projects/myactuator/firmware/esp32/.pio/libdeps/esp32/CAN/.travis.yml
/home/roko/Documents/Projects/myactuator/firmware/esp32/.pio/libdeps/esp32/integrity.dat
/home/roko/Documents/Projects/myactuator/firmware/esp32/.pio/libdeps/esp32s3dev/ArduinoJson/ArduinoJson.h
/home/roko/Documents/Projects/myactuator/firmware/esp32/.pio/libdeps/esp32s3dev/ArduinoJson/examples/JsonConfigFile/JsonConfigFile.ino
/home/roko/Documents/Projects/myactuator/firmware/esp32/.pio/libdeps/esp32s3dev/ArduinoJson/examples/JsonFilterExample/JsonFilterExample.ino
/home/roko/Documents/Projects/myactuator/firmware/esp32/.pio/libdeps/esp32s3dev/ArduinoJson/examples/JsonGeneratorExample/JsonGeneratorExample.ino
/home/roko/Documents/Projects/myactuator/firmware/esp32/.pio/libdeps/esp32s3dev/ArduinoJson/examples/JsonHttpClient/JsonHttpClient.ino
/home/roko/Documents/Projects/myactuator/firmware/esp32/.pio/libdeps/esp32s3dev/ArduinoJson/examples/JsonParserExample/JsonParserExample.ino
/home/roko/Documents/Projects/myactuator/firmware/esp32/.pio/libdeps/esp32s3dev/ArduinoJson/examples/JsonServer/JsonServer.ino
/home/roko/Documents/Projects/myactuator/firmware/esp32/.pio/libdeps/esp32s3dev/ArduinoJson/examples/JsonUdpBeacon/JsonUdpBeacon.ino
/home/roko/Documents/Projects/myactuator/firmware/esp32/.pio/libdeps/esp32s3dev/ArduinoJson/examples/MsgPackParser/MsgPackParser.ino
/home/roko/Documents/Projects/myactuator/firmware/esp32/.pio/libdeps/esp32s3dev/ArduinoJson/examples/ProgmemExample/ProgmemExample.ino
/home/roko/Documents/Projects/myactuator/firmware/esp32/.pio/libdeps/esp32s3dev/ArduinoJson/examples/StringExample/StringExample.ino
/home/roko/Documents/Projects/myactuator/firmware/esp32/.pio/libdeps/esp32s3dev/ArduinoJson/library.json
/home/roko/Documents/Projects/myactuator/firmware/esp32/.pio/libdeps/esp32s3dev/ArduinoJson/library.properties
/home/roko/Documents/Projects/myactuator/firmware/esp32/.pio/libdeps/esp32s3dev/ArduinoJson/LICENSE.txt
/home/roko/Documents/Projects/myactuator/firmware/esp32/.pio/libdeps/esp32s3dev/ArduinoJson/.piopm
/home/roko/Documents/Projects/myactuator/firmware/esp32/.pio/libdeps/esp32s3dev/ArduinoJson/README.md
/home/roko/Documents/Projects/myactuator/firmware/esp32/.pio/libdeps/esp32s3dev/ArduinoJson/src/ArduinoJson/Array/ElementProxy.hpp
/home/roko/Documents/Projects/myactuator/firmware/esp32/.pio/libdeps/esp32s3dev/ArduinoJson/src/ArduinoJson/Array/JsonArrayConst.hpp
/home/roko/Documents/Projects/myactuator/firmware/esp32/.pio/libdeps/esp32s3dev/ArduinoJson/src/ArduinoJson/Array/JsonArray.hpp
/home/roko/Documents/Projects/myactuator/firmware/esp32/.pio/libdeps/esp32s3dev/ArduinoJson/src/ArduinoJson/Array/JsonArrayImpl.hpp
/home/roko/Documents/Projects/myactuator/firmware/esp32/.pio/libdeps/esp32s3dev/ArduinoJson/src/ArduinoJson/Array/JsonArrayIterator.hpp
/home/roko/Documents/Projects/myactuator/firmware/esp32/.pio/libdeps/esp32s3dev/ArduinoJson/src/ArduinoJson/Array/Utilities.hpp
/home/roko/Documents/Projects/myactuator/firmware/esp32/.pio/libdeps/esp32s3dev/ArduinoJson/src/ArduinoJson/Collection/CollectionData.hpp
/home/roko/Documents/Projects/myactuator/firmware/esp32/.pio/libdeps/esp32s3dev/ArduinoJson/src/ArduinoJson/Collection/CollectionImpl.hpp
/home/roko/Documents/Projects/myactuator/firmware/esp32/.pio/libdeps/esp32s3dev/ArduinoJson/src/ArduinoJson/compatibility.hpp
/home/roko/Documents/Projects/myactuator/firmware/esp32/.pio/libdeps/esp32s3dev/ArduinoJson/src/ArduinoJson/Configuration.hpp
/home/roko/Documents/Projects/myactuator/firmware/esp32/.pio/libdeps/esp32s3dev/ArduinoJson/src/ArduinoJson/Deserialization/DeserializationError.hpp
/home/roko/Documents/Projects/myactuator/firmware/esp32/.pio/libdeps/esp32s3dev/ArduinoJson/src/ArduinoJson/Deserialization/DeserializationOptions.hpp
/home/roko/Documents/Projects/myactuator/firmware/esp32/.pio/libdeps/esp32s3dev/ArduinoJson/src/ArduinoJson/Deserialization/deserialize.hpp
/home/roko/Documents/Projects/myactuator/firmware/esp32/.pio/libdeps/esp32s3dev/ArduinoJson/src/ArduinoJson/Deserialization/Filter.hpp
/home/roko/Documents/Projects/myactuator/firmware/esp32/.pio/libdeps/esp32s3dev/ArduinoJson/src/ArduinoJson/Deserialization/NestingLimit.hpp
/home/roko/Documents/Projects/myactuator/firmware/esp32/.pio/libdeps/esp32s3dev/ArduinoJson/src/ArduinoJson/Deserialization/Reader.hpp
/home/roko/Documents/Projects/myactuator/firmware/esp32/.pio/libdeps/esp32s3dev/ArduinoJson/src/ArduinoJson/Deserialization/Readers/ArduinoStreamReader.hpp
/home/roko/Documents/Projects/myactuator/firmware/esp32/.pio/libdeps/esp32s3dev/ArduinoJson/src/ArduinoJson/Deserialization/Readers/ArduinoStringReader.hpp
/home/roko/Documents/Projects/myactuator/firmware/esp32/.pio/libdeps/esp32s3dev/ArduinoJson/src/ArduinoJson/Deserialization/Readers/FlashReader.hpp
/home/roko/Documents/Projects/myactuator/firmware/esp32/.pio/libdeps/esp32s3dev/ArduinoJson/src/ArduinoJson/Deserialization/Readers/IteratorReader.hpp
/home/roko/Documents/Projects/myactuator/firmware/esp32/.pio/libdeps/esp32s3dev/ArduinoJson/src/ArduinoJson/Deserialization/Readers/RamReader.hpp
/home/roko/Documents/Projects/myactuator/firmware/esp32/.pio/libdeps/esp32s3dev/ArduinoJson/src/ArduinoJson/Deserialization/Readers/StdStreamReader.hpp
/home/roko/Documents/Projects/myactuator/firmware/esp32/.pio/libdeps/esp32s3dev/ArduinoJson/src/ArduinoJson/Deserialization/Readers/VariantReader.hpp
/home/roko/Documents/Projects/myactuator/firmware/esp32/.pio/libdeps/esp32s3dev/ArduinoJson/src/ArduinoJson/Document/BasicJsonDocument.hpp
/home/roko/Documents/Projects/myactuator/firmware/esp32/.pio/libdeps/esp32s3dev/ArduinoJson/src/ArduinoJson/Document/DynamicJsonDocument.hpp
/home/roko/Documents/Projects/myactuator/firmware/esp32/.pio/libdeps/esp32s3dev/ArduinoJson/src/ArduinoJson/Document/JsonDocument.hpp
/home/roko/Documents/Projects/myactuator/firmware/esp32/.pio/libdeps/esp32s3dev/ArduinoJson/src/ArduinoJson/Document/StaticJsonDocument.hpp
/home/roko/Documents/Projects/myactuator/firmware/esp32/.pio/libdeps/esp32s3dev/ArduinoJson/src/ArduinoJson.h
/home/roko/Documents/Projects/myactuator/firmware/esp32/.pio/libdeps/esp32s3dev/ArduinoJson/src/ArduinoJson.hpp
/home/roko/Documents/Projects/myactuator/firmware/esp32/.pio/libdeps/esp32s3dev/ArduinoJson/src/ArduinoJson/Json/EscapeSequence.hpp
/home/roko/Documents/Projects/myactuator/firmware/esp32/.pio/libdeps/esp32s3dev/ArduinoJson/src/ArduinoJson/Json/JsonDeserializer.hpp
/home/roko/Documents/Projects/myactuator/firmware/esp32/.pio/libdeps/esp32s3dev/ArduinoJson/src/ArduinoJson/Json/JsonSerializer.hpp
/home/roko/Documents/Projects/myactuator/firmware/esp32/.pio/libdeps/esp32s3dev/ArduinoJson/src/ArduinoJson/Json/Latch.hpp
/home/roko/Documents/Projects/myactuator/firmware/esp32/.pio/libdeps/esp32s3dev/ArduinoJson/src/ArduinoJson/Json/PrettyJsonSerializer.hpp
/home/roko/Documents/Projects/myactuator/firmware/esp32/.pio/libdeps/esp32s3dev/ArduinoJson/src/ArduinoJson/Json/TextFormatter.hpp
/home/roko/Documents/Projects/myactuator/firmware/esp32/.pio/libdeps/esp32s3dev/ArduinoJson/src/ArduinoJson/Json/Utf16.hpp
/home/roko/Documents/Projects/myactuator/firmware/esp32/.pio/libdeps/esp32s3dev/ArduinoJson/src/ArduinoJson/Json/Utf8.hpp
/home/roko/Documents/Projects/myactuator/firmware/esp32/.pio/libdeps/esp32s3dev/ArduinoJson/src/ArduinoJson/Memory/Alignment.hpp
/home/roko/Documents/Projects/myactuator/firmware/esp32/.pio/libdeps/esp32s3dev/ArduinoJson/src/ArduinoJson/Memory/MemoryPool.hpp
/home/roko/Documents/Projects/myactuator/firmware/esp32/.pio/libdeps/esp32s3dev/ArduinoJson/src/ArduinoJson/Misc/SerializedValue.hpp
/home/roko/Documents/Projects/myactuator/firmware/esp32/.pio/libdeps/esp32s3dev/ArduinoJson/src/ArduinoJson/MsgPack/endianness.hpp
/home/roko/Documents/Projects/myactuator/firmware/esp32/.pio/libdeps/esp32s3dev/ArduinoJson/src/ArduinoJson/MsgPack/ieee754.hpp
/home/roko/Documents/Projects/myactuator/firmware/esp32/.pio/libdeps/esp32s3dev/ArduinoJson/src/ArduinoJson/MsgPack/MsgPackDeserializer.hpp
/home/roko/Documents/Projects/myactuator/firmware/esp32/.pio/libdeps/esp32s3dev/ArduinoJson/src/ArduinoJson/MsgPack/MsgPackSerializer.hpp
/home/roko/Documents/Projects/myactuator/firmware/esp32/.pio/libdeps/esp32s3dev/ArduinoJson/src/ArduinoJson/Namespace.hpp
/home/roko/Documents/Projects/myactuator/firmware/esp32/.pio/libdeps/esp32s3dev/ArduinoJson/src/ArduinoJson/Numbers/arithmeticCompare.hpp
/home/roko/Documents/Projects/myactuator/firmware/esp32/.pio/libdeps/esp32s3dev/ArduinoJson/src/ArduinoJson/Numbers/convertNumber.hpp
/home/roko/Documents/Projects/myactuator/firmware/esp32/.pio/libdeps/esp32s3dev/ArduinoJson/src/ArduinoJson/Numbers/FloatParts.hpp
/home/roko/Documents/Projects/myactuator/firmware/esp32/.pio/libdeps/esp32s3dev/ArduinoJson/src/ArduinoJson/Numbers/FloatTraits.hpp
/home/roko/Documents/Projects/myactuator/firmware/esp32/.pio/libdeps/esp32s3dev/ArduinoJson/src/ArduinoJson/Numbers/JsonFloat.hpp
/home/roko/Documents/Projects/myactuator/firmware/esp32/.pio/libdeps/esp32s3dev/ArduinoJson/src/ArduinoJson/Numbers/JsonInteger.hpp
/home/roko/Documents/Projects/myactuator/firmware/esp32/.pio/libdeps/esp32s3dev/ArduinoJson/src/ArduinoJson/Numbers/parseNumber.hpp
/home/roko/Documents/Projects/myactuator/firmware/esp32/.pio/libdeps/esp32s3dev/ArduinoJson/src/ArduinoJson/Object/JsonObjectConst.hpp
/home/roko/Documents/Projects/myactuator/firmware/esp32/.pio/libdeps/esp32s3dev/ArduinoJson/src/ArduinoJson/Object/JsonObject.hpp
/home/roko/Documents/Projects/myactuator/firmware/esp32/.pio/libdeps/esp32s3dev/ArduinoJson/src/ArduinoJson/Object/JsonObjectImpl.hpp
/home/roko/Documents/Projects/myactuator/firmware/esp32/.pio/libdeps/esp32s3dev/ArduinoJson/src/ArduinoJson/Object/JsonObjectIterator.hpp
/home/roko/Documents/Projects/myactuator/firmware/esp32/.pio/libdeps/esp32s3dev/ArduinoJson/src/ArduinoJson/Object/JsonPair.hpp
/home/roko/Documents/Projects/myactuator/firmware/esp32/.pio/libdeps/esp32s3dev/ArduinoJson/src/ArduinoJson/Object/MemberProxy.hpp
/home/roko/Documents/Projects/myactuator/firmware/esp32/.pio/libdeps/esp32s3dev/ArduinoJson/src/ArduinoJson/Polyfills/alias_cast.hpp
/home/roko/Documents/Projects/myactuator/firmware/esp32/.pio/libdeps/esp32s3dev/ArduinoJson/src/ArduinoJson/Polyfills/assert.hpp
/home/roko/Documents/Projects/myactuator/firmware/esp32/.pio/libdeps/esp32s3dev/ArduinoJson/src/ArduinoJson/Polyfills/attributes.hpp
/home/roko/Documents/Projects/myactuator/firmware/esp32/.pio/libdeps/esp32s3dev/ArduinoJson/src/ArduinoJson/Polyfills/ctype.hpp
/home/roko/Documents/Projects/myactuator/firmware/esp32/.pio/libdeps/esp32s3dev/ArduinoJson/src/ArduinoJson/Polyfills/integer.hpp
/home/roko/Documents/Projects/myactuator/firmware/esp32/.pio/libdeps/esp32s3dev/ArduinoJson/src/ArduinoJson/Polyfills/limits.hpp
/home/roko/Documents/Projects/myactuator/firmware/esp32/.pio/libdeps/esp32s3dev/ArduinoJson/src/ArduinoJson/Polyfills/math.hpp
/home/roko/Documents/Projects/myactuator/firmware/esp32/.pio/libdeps/esp32s3dev/ArduinoJson/src/ArduinoJson/Polyfills/mpl/max.hpp
/home/roko/Documents/Projects/myactuator/firmware/esp32/.pio/libdeps/esp32s3dev/ArduinoJson/src/ArduinoJson/Polyfills/pgmspace_generic.hpp
/home/roko/Documents/Projects/myactuator/firmware/esp32/.pio/libdeps/esp32s3dev/ArduinoJson/src/ArduinoJson/Polyfills/pgmspace.hpp
/home/roko/Documents/Projects/myactuator/firmware/esp32/.pio/libdeps/esp32s3dev/ArduinoJson/src/ArduinoJson/Polyfills/preprocessor.hpp
/home/roko/Documents/Projects/myactuator/firmware/esp32/.pio/libdeps/esp32s3dev/ArduinoJson/src/ArduinoJson/Polyfills/type_traits/conditional.hpp
/home/roko/Documents/Projects/myactuator/firmware/esp32/.pio/libdeps/esp32s3dev/ArduinoJson/src/ArduinoJson/Polyfills/type_traits/declval.hpp
/home/roko/Documents/Projects/myactuator/firmware/esp32/.pio/libdeps/esp32s3dev/ArduinoJson/src/ArduinoJson/Polyfills/type_traits/enable_if.hpp
/home/roko/Documents/Projects/myactuator/firmware/esp32/.pio/libdeps/esp32s3dev/ArduinoJson/src/ArduinoJson/Polyfills/type_traits.hpp
/home/roko/Documents/Projects/myactuator/firmware/esp32/.pio/libdeps/esp32s3dev/ArduinoJson/src/ArduinoJson/Polyfills/type_traits/integral_constant.hpp
/home/roko/Documents/Projects/myactuator/firmware/esp32/.pio/libdeps/esp32s3dev/ArduinoJson/src/ArduinoJson/Polyfills/type_traits/is_array.hpp
/home/roko/Documents/Projects/myactuator/firmware/esp32/.pio/libdeps/esp32s3dev/ArduinoJson/src/ArduinoJson/Polyfills/type_traits/is_base_of.hpp
/home/roko/Documents/Projects/myactuator/firmware/esp32/.pio/libdeps/esp32s3dev/ArduinoJson/src/ArduinoJson/Polyfills/type_traits/is_class.hpp
/home/roko/Documents/Projects/myactuator/firmware/esp32/.pio/libdeps/esp32s3dev/ArduinoJson/src/ArduinoJson/Polyfills/type_traits/is_const.hpp
/home/roko/Documents/Projects/myactuator/firmware/esp32/.pio/libdeps/esp32s3dev/ArduinoJson/src/ArduinoJson/Polyfills/type_traits/is_convertible.hpp
/home/roko/Documents/Projects/myactuator/firmware/esp32/.pio/libdeps/esp32s3dev/ArduinoJson/src/ArduinoJson/Polyfills/type_traits/is_enum.hpp
/home/roko/Documents/Projects/myactuator/firmware/esp32/.pio/libdeps/esp32s3dev/ArduinoJson/src/ArduinoJson/Polyfills/type_traits/is_floating_point.hpp
/home/roko/Documents/Projects/myactuator/firmware/esp32/.pio/libdeps/esp32s3dev/ArduinoJson/src/ArduinoJson/Polyfills/type_traits/is_integral.hpp
/home/roko/Documents/Projects/myactuator/firmware/esp32/.pio/libdeps/esp32s3dev/ArduinoJson/src/ArduinoJson/Polyfills/type_traits/is_pointer.hpp
/home/roko/Documents/Projects/myactuator/firmware/esp32/.pio/libdeps/esp32s3dev/ArduinoJson/src/ArduinoJson/Polyfills/type_traits/is_same.hpp
/home/roko/Documents/Projects/myactuator/firmware/esp32/.pio/libdeps/esp32s3dev/ArduinoJson/src/ArduinoJson/Polyfills/type_traits/is_signed.hpp
/home/roko/Documents/Projects/myactuator/firmware/esp32/.pio/libdeps/esp32s3dev/ArduinoJson/src/ArduinoJson/Polyfills/type_traits/is_unsigned.hpp
/home/roko/Documents/Projects/myactuator/firmware/esp32/.pio/libdeps/esp32s3dev/ArduinoJson/src/ArduinoJson/Polyfills/type_traits/make_unsigned.hpp
/home/roko/Documents/Projects/myactuator/firmware/esp32/.pio/libdeps/esp32s3dev/ArduinoJson/src/ArduinoJson/Polyfills/type_traits/make_void.hpp
/home/roko/Documents/Projects/myactuator/firmware/esp32/.pio/libdeps/esp32s3dev/ArduinoJson/src/ArduinoJson/Polyfills/type_traits/remove_const.hpp
/home/roko/Documents/Projects/myactuator/firmware/esp32/.pio/libdeps/esp32s3dev/ArduinoJson/src/ArduinoJson/Polyfills/type_traits/remove_cv.hpp
/home/roko/Documents/Projects/myactuator/firmware/esp32/.pio/libdeps/esp32s3dev/ArduinoJson/src/ArduinoJson/Polyfills/type_traits/remove_reference.hpp
/home/roko/Documents/Projects/myactuator/firmware/esp32/.pio/libdeps/esp32s3dev/ArduinoJson/src/ArduinoJson/Polyfills/type_traits/type_identity.hpp
/home/roko/Documents/Projects/myactuator/firmware/esp32/.pio/libdeps/esp32s3dev/ArduinoJson/src/ArduinoJson/Polyfills/utility.hpp
/home/roko/Documents/Projects/myactuator/firmware/esp32/.pio/libdeps/esp32s3dev/ArduinoJson/src/ArduinoJson/Serialization/CountingDecorator.hpp
/home/roko/Documents/Projects/myactuator/firmware/esp32/.pio/libdeps/esp32s3dev/ArduinoJson/src/ArduinoJson/Serialization/measure.hpp
/home/roko/Documents/Projects/myactuator/firmware/esp32/.pio/libdeps/esp32s3dev/ArduinoJson/src/ArduinoJson/Serialization/serialize.hpp
/home/roko/Documents/Projects/myactuator/firmware/esp32/.pio/libdeps/esp32s3dev/ArduinoJson/src/ArduinoJson/Serialization/Writer.hpp
/home/roko/Documents/Projects/myactuator/firmware/esp32/.pio/libdeps/esp32s3dev/ArduinoJson/src/ArduinoJson/Serialization/Writers/ArduinoStringWriter.hpp
/home/roko/Documents/Projects/myactuator/firmware/esp32/.pio/libdeps/esp32s3dev/ArduinoJson/src/ArduinoJson/Serialization/Writers/DummyWriter.hpp
/home/roko/Documents/Projects/myactuator/firmware/esp32/.pio/libdeps/esp32s3dev/ArduinoJson/src/ArduinoJson/Serialization/Writers/PrintWriter.hpp
/home/roko/Documents/Projects/myactuator/firmware/esp32/.pio/libdeps/esp32s3dev/ArduinoJson/src/ArduinoJson/Serialization/Writers/StaticStringWriter.hpp
/home/roko/Documents/Projects/myactuator/firmware/esp32/.pio/libdeps/esp32s3dev/ArduinoJson/src/ArduinoJson/Serialization/Writers/StdStreamWriter.hpp
/home/roko/Documents/Projects/myactuator/firmware/esp32/.pio/libdeps/esp32s3dev/ArduinoJson/src/ArduinoJson/Serialization/Writers/StdStringWriter.hpp
/home/roko/Documents/Projects/myactuator/firmware/esp32/.pio/libdeps/esp32s3dev/ArduinoJson/src/ArduinoJson/Strings/Adapters/FlashString.hpp
/home/roko/Documents/Projects/myactuator/firmware/esp32/.pio/libdeps/esp32s3dev/ArduinoJson/src/ArduinoJson/Strings/Adapters/JsonString.hpp
/home/roko/Documents/Projects/myactuator/firmware/esp32/.pio/libdeps/esp32s3dev/ArduinoJson/src/ArduinoJson/Strings/Adapters/RamString.hpp
/home/roko/Documents/Projects/myactuator/firmware/esp32/.pio/libdeps/esp32s3dev/ArduinoJson/src/ArduinoJson/Strings/Adapters/StringObject.hpp
/home/roko/Documents/Projects/myactuator/firmware/esp32/.pio/libdeps/esp32s3dev/ArduinoJson/src/ArduinoJson/Strings/IsString.hpp
/home/roko/Documents/Projects/myactuator/firmware/esp32/.pio/libdeps/esp32s3dev/ArduinoJson/src/ArduinoJson/Strings/JsonString.hpp
/home/roko/Documents/Projects/myactuator/firmware/esp32/.pio/libdeps/esp32s3dev/ArduinoJson/src/ArduinoJson/Strings/StoragePolicy.hpp
/home/roko/Documents/Projects/myactuator/firmware/esp32/.pio/libdeps/esp32s3dev/ArduinoJson/src/ArduinoJson/Strings/StringAdapter.hpp
/home/roko/Documents/Projects/myactuator/firmware/esp32/.pio/libdeps/esp32s3dev/ArduinoJson/src/ArduinoJson/Strings/StringAdapters.hpp
/home/roko/Documents/Projects/myactuator/firmware/esp32/.pio/libdeps/esp32s3dev/ArduinoJson/src/ArduinoJson/Strings/StringTraits.hpp
/home/roko/Documents/Projects/myactuator/firmware/esp32/.pio/libdeps/esp32s3dev/ArduinoJson/src/ArduinoJson/StringStorage/StringCopier.hpp
/home/roko/Documents/Projects/myactuator/firmware/esp32/.pio/libdeps/esp32s3dev/ArduinoJson/src/ArduinoJson/StringStorage/StringMover.hpp
/home/roko/Documents/Projects/myactuator/firmware/esp32/.pio/libdeps/esp32s3dev/ArduinoJson/src/ArduinoJson/StringStorage/StringStorage.hpp
/home/roko/Documents/Projects/myactuator/firmware/esp32/.pio/libdeps/esp32s3dev/ArduinoJson/src/ArduinoJson/Variant/Converter.hpp
/home/roko/Documents/Projects/myactuator/firmware/esp32/.pio/libdeps/esp32s3dev/ArduinoJson/src/ArduinoJson/Variant/ConverterImpl.hpp
/home/roko/Documents/Projects/myactuator/firmware/esp32/.pio/libdeps/esp32s3dev/ArduinoJson/src/ArduinoJson/Variant/JsonVariantConst.hpp
/home/roko/Documents/Projects/myactuator/firmware/esp32/.pio/libdeps/esp32s3dev/ArduinoJson/src/ArduinoJson/Variant/JsonVariant.hpp
/home/roko/Documents/Projects/myactuator/firmware/esp32/.pio/libdeps/esp32s3dev/ArduinoJson/src/ArduinoJson/Variant/SlotFunctions.hpp
/home/roko/Documents/Projects/myactuator/firmware/esp32/.pio/libdeps/esp32s3dev/ArduinoJson/src/ArduinoJson/Variant/VariantAttorney.hpp
/home/roko/Documents/Projects/myactuator/firmware/esp32/.pio/libdeps/esp32s3dev/ArduinoJson/src/ArduinoJson/Variant/VariantCompare.hpp
/home/roko/Documents/Projects/myactuator/firmware/esp32/.pio/libdeps/esp32s3dev/ArduinoJson/src/ArduinoJson/Variant/VariantContent.hpp
/home/roko/Documents/Projects/myactuator/firmware/esp32/.pio/libdeps/esp32s3dev/ArduinoJson/src/ArduinoJson/Variant/VariantData.hpp
/home/roko/Documents/Projects/myactuator/firmware/esp32/.pio/libdeps/esp32s3dev/ArduinoJson/src/ArduinoJson/Variant/VariantFunctions.hpp
/home/roko/Documents/Projects/myactuator/firmware/esp32/.pio/libdeps/esp32s3dev/ArduinoJson/src/ArduinoJson/Variant/VariantImpl.hpp
/home/roko/Documents/Projects/myactuator/firmware/esp32/.pio/libdeps/esp32s3dev/ArduinoJson/src/ArduinoJson/Variant/VariantOperators.hpp
/home/roko/Documents/Projects/myactuator/firmware/esp32/.pio/libdeps/esp32s3dev/ArduinoJson/src/ArduinoJson/Variant/VariantRefBase.hpp
/home/roko/Documents/Projects/myactuator/firmware/esp32/.pio/libdeps/esp32s3dev/ArduinoJson/src/ArduinoJson/Variant/VariantSlot.hpp
/home/roko/Documents/Projects/myactuator/firmware/esp32/.pio/libdeps/esp32s3dev/ArduinoJson/src/ArduinoJson/Variant/VariantTag.hpp
/home/roko/Documents/Projects/myactuator/firmware/esp32/.pio/libdeps/esp32s3dev/ArduinoJson/src/ArduinoJson/Variant/VariantTo.hpp
/home/roko/Documents/Projects/myactuator/firmware/esp32/.pio/libdeps/esp32s3dev/ArduinoJson/src/ArduinoJson/Variant/Visitor.hpp
/home/roko/Documents/Projects/myactuator/firmware/esp32/.pio/libdeps/esp32s3dev/ArduinoJson/src/ArduinoJson/version.hpp
/home/roko/Documents/Projects/myactuator/firmware/esp32/.pio/libdeps/esp32s3dev/ArduinoJson/src/CMakeLists.txt
/home/roko/Documents/Projects/myactuator/firmware/esp32/.pio/libdeps/esp32s3dev/integrity.dat
/home/roko/Documents/Projects/myactuator/firmware/esp32/platformio.ini
/home/roko/Documents/Projects/myactuator/firmware/esp32/README.md
/home/roko/Documents/Projects/myactuator/firmware/esp32/src/drivers/can_bus.cpp
/home/roko/Documents/Projects/myactuator/firmware/esp32/src/drivers/can_bus.h
/home/roko/Documents/Projects/myactuator/firmware/esp32/src/drivers/cem_driver.cpp
/home/roko/Documents/Projects/myactuator/firmware/esp32/src/drivers/cem_driver.h
/home/roko/Documents/Projects/myactuator/firmware/esp32/src/drivers/encoder.cpp
/home/roko/Documents/Projects/myactuator/firmware/esp32/src/drivers/encoder.h
/home/roko/Documents/Projects/myactuator/firmware/esp32/src/drivers/ethercat.cpp
/home/roko/Documents/Projects/myactuator/firmware/esp32/src/drivers/ethercat.h
/home/roko/Documents/Projects/myactuator/firmware/esp32/src/drivers/fl_driver.cpp
/home/roko/Documents/Projects/myactuator/firmware/esp32/src/drivers/fl_driver.h
/home/roko/Documents/Projects/myactuator/firmware/esp32/src/drivers/motor_driver.h
/home/roko/Documents/Projects/myactuator/firmware/esp32/src/drivers/rh_driver.cpp
/home/roko/Documents/Projects/myactuator/firmware/esp32/src/drivers/rh_driver.h
/home/roko/Documents/Projects/myactuator/firmware/esp32/src/drivers/rmd_h_driver.cpp
/home/roko/Documents/Projects/myactuator/firmware/esp32/src/drivers/rmd_h_driver.h
/home/roko/Documents/Projects/myactuator/firmware/esp32/src/drivers/rmd_l_driver.cpp
/home/roko/Documents/Projects/myactuator/firmware/esp32/src/drivers/rmd_l_driver.h
/home/roko/Documents/Projects/myactuator/firmware/esp32/src/drivers/rmd_x_driver.cpp
/home/roko/Documents/Projects/myactuator/firmware/esp32/src/drivers/rmd_x_driver.h
/home/roko/Documents/Projects/myactuator/firmware/esp32/src/drivers/rs485.cpp
/home/roko/Documents/Projects/myactuator/firmware/esp32/src/drivers/rs485.h
/home/roko/Documents/Projects/myactuator/firmware/esp32/src/main.cpp
/home/roko/Documents/Projects/myactuator/firmware/esp32/src/motor_controller.cpp
/home/roko/Documents/Projects/myactuator/firmware/esp32/src/motor_controller.h
/home/roko/Documents/Projects/myactuator/firmware/esp32/src/protocols/pal.cpp
/home/roko/Documents/Projects/myactuator/firmware/esp32/src/protocols/pal.h
/home/roko/Documents/Projects/myactuator/firmware/esp32/src/protocols/rs485_protocol.h
/home/roko/Documents/Projects/myactuator/firmware/esp32/src/utils/config.cpp
/home/roko/Documents/Projects/myactuator/firmware/esp32/src/utils/config.h
/home/roko/Documents/Projects/myactuator/firmware/esp32/src/utils/logger.cpp
/home/roko/Documents/Projects/myactuator/firmware/esp32/src/utils/logger.h
